define("jcn-prefix", ["jquery"], function(require, exports, module) {
    var $ = require("jquery");

    $.fn.slider = function(elem, opts) {
        alert("init");
    };

});