define("minified",["jQuery","jQuery.UI"],function(a,b,c){var d=a("jQuery");a("jQuery.UI");d.fn.slider=function(){alert("slider")}});